2025-08-22 13:31:38,120 - INFO - ================================================================================
2025-08-22 13:31:38,120 - INFO - YOLOv11s º£ÑóÀ¬»ø™zœyÓ–¾šé_Ê¼
2025-08-22 13:31:38,121 - INFO - ================================================================================
2025-08-22 13:31:38,175 - INFO - Ó–¾š…¢”µ:
2025-08-22 13:31:38,175 - INFO -   data: trash_dataset.yaml
2025-08-22 13:31:38,175 - INFO -   epochs: 100
2025-08-22 13:31:38,176 - INFO -   imgsz: 640
2025-08-22 13:31:38,176 - INFO -   batch: 12
2025-08-22 13:31:38,176 - INFO -   device: cuda
2025-08-22 13:31:38,176 - INFO -   project: trash_detection
2025-08-22 13:31:38,176 - INFO -   name: yolov11s_20250822_133138
2025-08-22 13:31:38,177 - INFO -   patience: 30
2025-08-22 13:31:38,177 - INFO -   save: True
2025-08-22 13:31:38,177 - INFO -   save_period: 10
2025-08-22 13:31:38,178 - INFO -   plots: True
2025-08-22 13:31:38,178 - INFO -   val: True
2025-08-22 13:31:38,178 - INFO -   cache: False
2025-08-22 13:31:38,178 - INFO -   workers: 4
2025-08-22 13:31:38,178 - INFO -   optimizer: AdamW
2025-08-22 13:31:38,178 - INFO -   lr0: 0.001
2025-08-22 13:31:38,178 - INFO -   lrf: 0.01
2025-08-22 13:31:38,178 - INFO -   momentum: 0.937
2025-08-22 13:31:38,179 - INFO -   weight_decay: 0.0005
2025-08-22 13:31:38,179 - INFO -   warmup_epochs: 3
2025-08-22 13:31:38,179 - INFO -   warmup_momentum: 0.8
2025-08-22 13:31:38,179 - INFO -   warmup_bias_lr: 0.1
2025-08-22 13:31:38,179 - INFO -   box: 7.5
2025-08-22 13:31:38,179 - INFO -   cls: 0.5
2025-08-22 13:31:38,179 - INFO -   dfl: 1.5
2025-08-22 13:31:38,179 - INFO -   hsv_h: 0.015
2025-08-22 13:31:38,180 - INFO -   hsv_s: 0.7
2025-08-22 13:31:38,180 - INFO -   hsv_v: 0.4
2025-08-22 13:31:38,180 - INFO -   degrees: 0.0
2025-08-22 13:31:38,180 - INFO -   translate: 0.1
2025-08-22 13:31:38,180 - INFO -   scale: 0.5
2025-08-22 13:31:38,180 - INFO -   shear: 0.0
2025-08-22 13:31:38,180 - INFO -   perspective: 0.0
2025-08-22 13:31:38,180 - INFO -   flipud: 0.0
2025-08-22 13:31:38,181 - INFO -   fliplr: 0.5
2025-08-22 13:31:38,181 - INFO -   mosaic: 1.0
2025-08-22 13:31:38,181 - INFO -   mixup: 0.0
2025-08-22 13:31:38,181 - INFO -   copy_paste: 0.0
2025-08-22 15:44:55,320 - INFO - òž×C½Y¹û:
2025-08-22 15:44:55,321 - INFO -   mAP50: 0.4864
2025-08-22 15:44:55,321 - INFO -   mAP50-95: 0.3236
2025-08-22 15:44:55,321 - INFO -   trash AP: 0.6103
2025-08-22 15:44:55,322 - INFO -   biological AP: 0.0234
2025-08-22 15:44:55,322 - INFO -   rov AP: 0.3371
2025-08-22 15:44:55,326 - INFO - ================================================================================
2025-08-22 15:44:55,329 - INFO - ================================================================================
