2025-08-22 12:37:19,743 - INFO - ================================================================================
2025-08-22 12:37:19,744 - INFO - YOLOv11s º£ÑóÀ¬»ø™zœyÓ–¾šé_Ê¼
2025-08-22 12:37:19,748 - INFO - ================================================================================
2025-08-22 12:37:19,825 - INFO - Ó–¾š…¢”µ:
2025-08-22 12:37:19,825 - INFO -   data: trash_dataset.yaml
2025-08-22 12:37:19,825 - INFO -   epochs: 100
2025-08-22 12:37:19,825 - INFO -   imgsz: 640
2025-08-22 12:37:19,826 - INFO -   batch: 12
2025-08-22 12:37:19,826 - INFO -   device: cuda
2025-08-22 12:37:19,826 - INFO -   project: trash_detection
2025-08-22 12:37:19,826 - INFO -   name: yolov11s_20250822_123719
2025-08-22 12:37:19,828 - INFO -   patience: 30
2025-08-22 12:37:19,828 - INFO -   save: True
2025-08-22 12:37:19,828 - INFO -   save_period: 10
2025-08-22 12:37:19,828 - INFO -   plots: True
2025-08-22 12:37:19,829 - INFO -   val: True
2025-08-22 12:37:19,829 - INFO -   cache: False
2025-08-22 12:37:19,829 - INFO -   workers: 4
2025-08-22 12:37:19,829 - INFO -   optimizer: AdamW
2025-08-22 12:37:19,829 - INFO -   lr0: 0.001
2025-08-22 12:37:19,829 - INFO -   lrf: 0.01
2025-08-22 12:37:19,830 - INFO -   momentum: 0.937
2025-08-22 12:37:19,830 - INFO -   weight_decay: 0.0005
2025-08-22 12:37:19,830 - INFO -   warmup_epochs: 3
2025-08-22 12:37:19,830 - INFO -   warmup_momentum: 0.8
2025-08-22 12:37:19,830 - INFO -   warmup_bias_lr: 0.1
2025-08-22 12:37:19,830 - INFO -   box: 7.5
2025-08-22 12:37:19,830 - INFO -   cls: 0.5
2025-08-22 12:37:19,831 - INFO -   dfl: 1.5
2025-08-22 12:37:19,831 - INFO -   hsv_h: 0.015
2025-08-22 12:37:19,831 - INFO -   hsv_s: 0.7
2025-08-22 12:37:19,831 - INFO -   hsv_v: 0.4
2025-08-22 12:37:19,831 - INFO -   degrees: 0.0
2025-08-22 12:37:19,831 - INFO -   translate: 0.1
2025-08-22 12:37:19,832 - INFO -   scale: 0.5
2025-08-22 12:37:19,832 - INFO -   shear: 0.0
2025-08-22 12:37:19,832 - INFO -   perspective: 0.0
2025-08-22 12:37:19,832 - INFO -   flipud: 0.0
2025-08-22 12:37:19,832 - INFO -   fliplr: 0.5
2025-08-22 12:37:19,832 - INFO -   mosaic: 1.0
2025-08-22 12:37:19,833 - INFO -   mixup: 0.0
2025-08-22 12:37:19,833 - INFO -   copy_paste: 0.0
